// Jest Snapshot v1, https://goo.gl/fbAQLP

exports[`Apod ApodImage component snapshot renders 1`] = `
<div
  style={
    Object {
      "width": "40%",
    }
  }
>
  <div
    style={
      Object {
        "backgroundColor": "rgba(0, 0, 0, 0.2)",
        "height": 0,
        "overflow": "hidden",
        "paddingTop": "80%",
        "position": "relative",
        "transition": "0.5s ease-in-out",
        "width": "100%",
      }
    }
  >
    <div
      style={
        Object {
          "alignItems": "center",
          "bottom": 0,
          "display": "flex",
          "justifyContent": "center",
          "left": 0,
          "position": "absolute",
          "right": 0,
          "top": 0,
        }
      }
    >
      <div
        className="MuiCircularProgress-root MuiCircularProgress-colorPrimary MuiCircularProgress-indeterminate"
        role="progressbar"
        style={
          Object {
            "height": 40,
            "position": "absolute",
            "width": 40,
            "zIndex": 1000,
          }
        }
      >
        <svg
          className="MuiCircularProgress-svg"
          viewBox="22 22 44 44"
        >
          <circle
            className="MuiCircularProgress-circle MuiCircularProgress-circleIndeterminate"
            cx={44}
            cy={44}
            fill="none"
            r={20.2}
            strokeWidth={3.6}
            style={Object {}}
          />
        </svg>
      </div>
      <img
        alt="Loading..."
        src=""
        style={
          Object {
            "fontSize": "0.5em",
            "height": "auto",
            "opacity": 0.5,
            "transition": "1s ease-in-out",
            "width": "100%",
          }
        }
      />
    </div>
  </div>
</div>
`;
